src/pages/AdminDashboard.tsx(3,1): error TS6133: 'walletService' is declared but its value is never read.
src/pages/AdminDashboard.tsx(6,5): error TS6133: 'BarChart3' is declared but its value is never read.
src/pages/AdminDashboard.tsx(16,19): error TS6133: 'vehicles' is declared but its value is never read.
